Warning: IO 'ledr_n' is unconstrained in LPF and will be automatically placed
Warning: IO 'ledg_n' is unconstrained in LPF and will be automatically placed
Warning: IO 'btn_n' is unconstrained in LPF and will be automatically placed

Info: Logic utilisation before packing:
Info:     Total LUT4s:      9850/24288    40%
Info:         logic LUTs:   7990/24288    32%
Info:         carry LUTs:   1476/24288     6%
Info:           RAM LUTs:    256/ 3036     8%
Info:          RAMW LUTs:    128/ 6072     2%

Info:      Total DFFs:      1842/24288     7%

Info: Packing IOs..
Info: pin 'clk$tr_io' constrained to Bel 'X0/Y47/PIOC'.
Info: Packing constants..
Info: Packing carries...
Info: Packing LUTs...
Info: Packing LUT5-7s...
Info: Packing FFs...
Info:     1133 FFs paired with LUTs.
Info: Generating derived timing constraints...
Info: Promoting globals...
Info:     promoting clock net clk$TRELLIS_IO_IN to global network
Info: Checksum: 0x4c9f3fef

Info: Device utilisation:
Info: 	          TRELLIS_IO:       4/    197     2%
Info: 	                DCCA:       1/     56     1%
Info: 	              DP16KD:      40/     56    71%
Info: 	          MULT18X18D:       8/     28    28%
Info: 	              ALU54B:       0/     14     0%
Info: 	             EHXPLLL:       0/      2     0%
Info: 	             EXTREFB:       0/      1     0%
Info: 	                DCUA:       0/      1     0%
Info: 	           PCSCLKDIV:       0/      2     0%
Info: 	             IOLOGIC:       0/    128     0%
Info: 	            SIOLOGIC:       0/     69     0%
Info: 	                 GSR:       0/      1     0%
Info: 	               JTAGG:       0/      1     0%
Info: 	                OSCG:       0/      1     0%
Info: 	               SEDGA:       0/      1     0%
Info: 	                 DTR:       0/      1     0%
Info: 	             USRMCLK:       0/      1     0%
Info: 	             CLKDIVF:       0/      4     0%
Info: 	           ECLKSYNCB:       0/     10     0%
Info: 	             DLLDELD:       0/      8     0%
Info: 	              DDRDLL:       0/      4     0%
Info: 	             DQSBUFM:       0/      8     0%
Info: 	     TRELLIS_ECLKBUF:       0/      8     0%
Info: 	        ECLKBRIDGECS:       0/      2     0%
Info: 	                DCSC:       0/      2     0%
Info: 	          TRELLIS_FF:    1842/  24288     7%
Info: 	        TRELLIS_COMB:   10016/  24288    41%
Info: 	        TRELLIS_RAMW:      64/   3036     2%

Info: Placed 1 cells based on constraints.
Info: Creating initial analytic placement for 7100 cells, random placement wirelen = 474515.
Info:     at initial placer iter 0, wirelen = 4045
Info:     at initial placer iter 1, wirelen = 4205
Info:     at initial placer iter 2, wirelen = 3991
Info:     at initial placer iter 3, wirelen = 4119
Info: Running main analytical placer, max placement attempts per cell = 17925078.
Info:     at iteration #1, type ALL: wirelen solved = 4111, spread = 168919, legal = 170253; time = 0.75s
Info:     at iteration #2, type ALL: wirelen solved = 6753, spread = 130790, legal = 136244; time = 0.49s
Info:     at iteration #3, type ALL: wirelen solved = 14607, spread = 91849, legal = 97012; time = 0.29s
Info:     at iteration #4, type ALL: wirelen solved = 20374, spread = 82796, legal = 88748; time = 0.30s
Info:     at iteration #5, type ALL: wirelen solved = 27870, spread = 77334, legal = 81357; time = 0.28s
Info:     at iteration #6, type ALL: wirelen solved = 28609, spread = 77964, legal = 82753; time = 0.24s
Info:     at iteration #7, type ALL: wirelen solved = 33041, spread = 79280, legal = 82115; time = 0.23s
Info:     at iteration #8, type ALL: wirelen solved = 35003, spread = 76311, legal = 80151; time = 0.33s
Info:     at iteration #9, type ALL: wirelen solved = 37724, spread = 73207, legal = 79177; time = 0.27s
Info:     at iteration #10, type ALL: wirelen solved = 39360, spread = 71586, legal = 75038; time = 0.21s
Info:     at iteration #11, type ALL: wirelen solved = 40811, spread = 71254, legal = 76044; time = 0.29s
Info:     at iteration #12, type ALL: wirelen solved = 42426, spread = 70983, legal = 75612; time = 0.26s
Info:     at iteration #13, type ALL: wirelen solved = 42579, spread = 71165, legal = 75307; time = 0.26s
Info:     at iteration #14, type ALL: wirelen solved = 44652, spread = 71053, legal = 77688; time = 0.34s
Info:     at iteration #15, type ALL: wirelen solved = 45967, spread = 71083, legal = 74845; time = 0.29s
Info:     at iteration #16, type ALL: wirelen solved = 46723, spread = 69374, legal = 73366; time = 0.29s
Info:     at iteration #17, type ALL: wirelen solved = 46645, spread = 69592, legal = 74442; time = 0.26s
Info:     at iteration #18, type ALL: wirelen solved = 47727, spread = 69252, legal = 74455; time = 0.25s
Info:     at iteration #19, type ALL: wirelen solved = 48103, spread = 68021, legal = 73501; time = 0.25s
Info:     at iteration #20, type ALL: wirelen solved = 48233, spread = 68383, legal = 74687; time = 0.27s
Info:     at iteration #21, type ALL: wirelen solved = 48875, spread = 68319, legal = 70774; time = 0.26s
Info:     at iteration #22, type ALL: wirelen solved = 49146, spread = 67832, legal = 74382; time = 0.29s
Info:     at iteration #23, type ALL: wirelen solved = 49362, spread = 68774, legal = 73224; time = 0.23s
Info:     at iteration #24, type ALL: wirelen solved = 50047, spread = 68344, legal = 71012; time = 0.25s
Info:     at iteration #25, type ALL: wirelen solved = 50162, spread = 68020, legal = 72549; time = 0.33s
Info:     at iteration #26, type ALL: wirelen solved = 50811, spread = 67927, legal = 71670; time = 0.27s
Info: HeAP Placer Time: 9.54s
Info:   of which solving equations: 4.30s
Info:   of which spreading cells: 0.62s
Info:   of which strict legalisation: 3.50s

Info: Running simulated annealing placer for refinement.
Info:   at iteration #1: temp = 0.000000, timing cost = 4224, wirelen = 70774
Info:   at iteration #5: temp = 0.000000, timing cost = 4683, wirelen = 61261
Info:   at iteration #10: temp = 0.000000, timing cost = 4302, wirelen = 59435
Info:   at iteration #15: temp = 0.000000, timing cost = 3721, wirelen = 58184
Info:   at iteration #20: temp = 0.000000, timing cost = 3714, wirelen = 57780
Info:   at iteration #24: temp = 0.000000, timing cost = 3733, wirelen = 57651 
Info: SA placement time 16.65s

Info: Max frequency for clock '$glbnet$clk$TRELLIS_IO_IN': 29.55 MHz (FAIL at 200.00 MHz)

Info: Max delay <async>                           -> posedge $glbnet$clk$TRELLIS_IO_IN: 2.16 ns
Info: Max delay posedge $glbnet$clk$TRELLIS_IO_IN -> <async>                          : 5.00 ns

Info: Slack histogram:
Info:  legend: * represents 21 endpoint(s)
Info:          + represents [1,21) endpoint(s)
Info: [-28843, -27188) |***+
Info: [-27188, -25533) |****************+
Info: [-25533, -23878) |************+
Info: [-23878, -22223) |************************+
Info: [-22223, -20568) |****************+
Info: [-20568, -18913) |*************+
Info: [-18913, -17258) |*******+
Info: [-17258, -15603) |*******+
Info: [-15603, -13948) |******+
Info: [-13948, -12293) |**********+
Info: [-12293, -10638) |***********+
Info: [-10638,  -8983) |***+
Info: [ -8983,  -7328) |+
Info: [ -7328,  -5673) |***+
Info: [ -5673,  -4018) |************+
Info: [ -4018,  -2363) |************************************************************ 
Info: [ -2363,   -708) |********************************************+
Info: [  -708,    947) |***************************************+
Info: [   947,   2602) |*******************************+
Info: [  2602,   4257) |*********+
Info: Checksum: 0x28dd2b37
Info: Routing globals...
Info:     routing clock net $glbnet$clk$TRELLIS_IO_IN using global 0

Info: Routing..
Info: Setting up routing queue.
Info: Routing 39451 arcs.
Info:            |   (re-)routed arcs  |   delta    | remaining|       time spent     |
Info:    IterCnt |  w/ripup   wo/ripup |  w/r  wo/r |      arcs| batch(sec) total(sec)|
Info:       1000 |      136        863 |  136   863 |     38630|       0.48       0.48|
Info:       2000 |      293       1706 |  157   843 |     37900|       0.14       0.62|
Info:       3000 |      484       2515 |  191   809 |     37228|       0.16       0.78|
Info:       4000 |      715       3284 |  231   769 |     36680|       0.15       0.93|
Info:       5000 |      953       4046 |  238   762 |     36027|       0.16       1.09|
Info:       6000 |     1219       4780 |  266   734 |     35507|       0.16       1.25|
Info:       7000 |     1484       5515 |  265   735 |     35008|       0.24       1.49|
Info:       8000 |     1781       6218 |  297   703 |     34533|       0.20       1.69|
Info:       9000 |     2089       6910 |  308   692 |     34035|       0.19       1.88|
Info:      10000 |     2424       7575 |  335   665 |     33559|       0.47       2.35|
Info:      11000 |     2734       8265 |  310   690 |     32986|       0.48       2.84|
Info:      12000 |     3096       8903 |  362   638 |     32512|       0.22       3.05|
Info:      13000 |     3463       9536 |  367   633 |     32104|       0.44       3.49|
Info:      14000 |     3766      10233 |  303   697 |     31561|       0.20       3.69|
Info:      15000 |     4023      10976 |  257   743 |     30957|       0.17       3.86|
Info:      16000 |     4439      11560 |  416   584 |     30498|       0.17       4.03|
Info:      17000 |     4827      12172 |  388   612 |     30008|       0.22       4.25|
Info:      18000 |     5126      12873 |  299   701 |     29490|       0.19       4.44|
Info:      19000 |     5468      13531 |  342   658 |     29225|       1.18       5.61|
Info:      20000 |     5800      14199 |  332   668 |     28787|       0.30       5.91|
Info:      21000 |     6171      14828 |  371   629 |     28384|       0.21       6.12|
Info:      22000 |     6533      15466 |  362   638 |     28064|       0.24       6.36|
Info:      23000 |     6930      16069 |  397   603 |     28069|       0.20       6.56|
Info:      24000 |     7277      16722 |  347   653 |     27571|       2.82       9.37|
Info:      25000 |     7613      17386 |  336   664 |     27044|       0.21       9.58|
Info:      26000 |     7941      18058 |  328   672 |     26546|       0.20       9.78|
Info:      27000 |     8274      18725 |  333   667 |     26016|       0.21      10.00|
Info:      28000 |     8654      19345 |  380   620 |     25559|       0.19      10.19|
Info:      29000 |     9123      19876 |  469   531 |     25187|       0.20      10.38|
Info:      30000 |     9572      20427 |  449   551 |     24904|       0.20      10.59|
Info:      31000 |     9944      21055 |  372   628 |     24419|       0.17      10.76|
Info:      32000 |    10260      21739 |  316   684 |     23891|       0.19      10.95|
Info:      33000 |    10616      22383 |  356   644 |     23456|       0.22      11.16|
Info:      34000 |    10964      23035 |  348   652 |     22960|       0.22      11.38|
Info:      35000 |    11274      23725 |  310   690 |     22515|       0.22      11.60|
Info:      36000 |    11599      24400 |  325   675 |     22024|       0.17      11.78|
Info:      37000 |    12072      24927 |  473   527 |     21602|       0.19      11.97|
Info:      38000 |    12516      25483 |  444   556 |     21297|       0.25      12.22|
Info:      39000 |    12978      26021 |  462   538 |     21018|       0.20      12.42|
Info:      40000 |    13466      26533 |  488   512 |     20650|       0.23      12.66|
Info:      41000 |    13832      27167 |  366   634 |     20114|       0.19      12.85|
Info:      42000 |    14184      27815 |  352   648 |     19633|       0.19      13.04|
Info:      43000 |    14529      28470 |  345   655 |     19178|       0.22      13.26|
Info:      44000 |    14858      29141 |  329   671 |     18688|       0.19      13.45|
Info:      45000 |    15158      29837 |  300   696 |     18136|       0.19      13.63|
Info:      46000 |    15458      30517 |  300   680 |     17839|       0.18      13.82|
Info:      47000 |    15785      31102 |  327   585 |     17260|       0.14      13.95|
Info:      48000 |    16123      31674 |  338   572 |     16690|       0.16      14.12|
Info:      49000 |    16500      32263 |  377   589 |     16710|       1.80      15.91|
Info:      50000 |    16837      32886 |  337   623 |     16105|       0.24      16.15|
Info:      51000 |    17286      33388 |  449   502 |     15691|       0.17      16.32|
Info:      52000 |    17695      33934 |  409   546 |     15217|       0.18      16.50|
Info:      53000 |    18021      34550 |  326   616 |     14617|       0.15      16.65|
Info:      54000 |    18311      35148 |  290   598 |     13953|       0.13      16.78|
Info:      55000 |    18567      35828 |  256   680 |     13419|       0.17      16.95|
Info:      56000 |    18896      36440 |  329   612 |     12843|       0.18      17.13|
Info:      57000 |    19161      37136 |  265   696 |     12207|       0.17      17.30|
Info:      58000 |    19498      37756 |  337   620 |     11634|       0.21      17.51|
Info:      59000 |    19809      38345 |  311   589 |     10995|       0.18      17.69|
Info:      60000 |    20186      38919 |  377   574 |     10504|       0.25      17.93|
Info:      61000 |    20496      39541 |  310   622 |      9962|       0.21      18.15|
Info:      62000 |    20753      40184 |  257   643 |      9276|       0.18      18.33|
Info:      63000 |    20986      40881 |  233   697 |      8583|       0.22      18.55|
Info:      64000 |    21237      41561 |  251   680 |      7906|       0.32      18.87|
Info:      65000 |    21420      42320 |  183   759 |      7113|       0.18      19.05|
Info:      66000 |    21661      43049 |  241   729 |      6474|       0.28      19.33|
Info:      67000 |    21886      43775 |  225   726 |      5796|       0.23      19.56|
Info:      68000 |    22156      44459 |  270   684 |      5205|       0.26      19.82|
Info:      69000 |    22352      45197 |  196   738 |      4537|       0.39      20.21|
Info:      70000 |    22518      45939 |  166   742 |      3844|       0.20      20.42|
Info:      71000 |    22738      46673 |  220   734 |      3204|       0.19      20.61|
Info:      72000 |    23019      47357 |  281   684 |      2630|       0.28      20.89|
Info:      73000 |    23295      47987 |  276   630 |      2067|       0.24      21.13|
Info:      74000 |    23585      48629 |  290   642 |      1504|       0.29      21.42|
Info:      75000 |    24018      49189 |  433   560 |      1132|       0.34      21.76|
Info:      76000 |    24126      49790 |  108   601 |       301|       0.13      21.90|
Info:      76307 |    24131      49979 |    5   189 |         0|       0.06      21.96|
Info: Routing complete.
Info: Router1 time 21.96s
Info: Checksum: 0x2e890a71

Info: Critical path report for clock '$glbnet$clk$TRELLIS_IO_IN' (posedge -> posedge):
Info:       type curr  total name
Info:   clk-to-q  5.83  5.83 Source complex.imem.rom_odd.0.1.DOB0
Info:    routing  1.44  7.27 Net complex.imem.rom_odd.0.1_DOB0[1] (24,25) -> (33,22)
Info:                          Sink complex.imem.rom_even.0.1_DOB0_LUT4_C_Z_LUT4_Z.C
Info:                          Defined in:
Info:                               /Users/jeff/.cache/little-cpu/oss-cad-suite/libexec/../share/yosys/lattice/cells_map_trellis.v:108.23-108.24
Info:      logic  0.24  7.51 Source complex.imem.rom_even.0.1_DOB0_LUT4_C_Z_LUT4_Z.F
Info:    routing  0.98  8.49 Net complex.imem.rom_even.0.1_DOB0_LUT4_C_Z[4] (33,22) -> (40,22)
Info:                          Sink complex.dmem.mem_wdata_PFUMX_Z_6_C0_PFUMX_Z_C0_CCU2C_S0_CIN_CCU2C_COUT_CIN_CCU2C_COUT_CIN_CCU2C_COUT_A1_LUT4_Z_D_LUT4_Z_D_LUT4_D_Z_PFUMX_BLUT_Z_PFUMX_Z_BLUT_LUT4_Z.M
Info:                          Defined in:
Info:                               /Users/jeff/.cache/little-cpu/oss-cad-suite/libexec/../share/yosys/lattice/cells_map_trellis.v:108.23-108.24
Info:      logic  0.26  8.74 Source complex.dmem.mem_wdata_PFUMX_Z_6_C0_PFUMX_Z_C0_CCU2C_S0_CIN_CCU2C_COUT_CIN_CCU2C_COUT_CIN_CCU2C_COUT_A1_LUT4_Z_D_LUT4_Z_D_LUT4_D_Z_PFUMX_BLUT_Z_PFUMX_Z_BLUT_LUT4_Z.OFX
Info:    routing  0.92  9.66 Net complex.dmem.mem_wdata_PFUMX_Z_6_C0_PFUMX_Z_C0_CCU2C_S0_CIN_CCU2C_COUT_CIN_CCU2C_COUT_CIN_CCU2C_COUT_A1_LUT4_Z_D_LUT4_Z_D_LUT4_D_Z_PFUMX_BLUT_Z[2] (40,22) -> (39,21)
Info:                          Sink complex.imem.rom_odd.0.1_DOB5_LUT4_B_Z_LUT4_D_Z_LUT4_D_Z_LUT4_Z_D_LUT4_Z_D_LUT4_D_Z_PFUMX_Z_ALUT_LUT4_Z.D
Info:                          Defined in:
Info:                               /Users/jeff/.cache/little-cpu/oss-cad-suite/libexec/../share/yosys/lattice/cells_map_trellis.v:108.23-108.24
Info:      logic  0.24  9.90 Source complex.imem.rom_odd.0.1_DOB5_LUT4_B_Z_LUT4_D_Z_LUT4_D_Z_LUT4_Z_D_LUT4_Z_D_LUT4_D_Z_PFUMX_Z_ALUT_LUT4_Z.F
Info:    routing  0.00  9.90 Net complex.imem.rom_odd.0.1_DOB5_LUT4_B_Z_LUT4_D_Z_LUT4_D_Z_LUT4_Z_D_LUT4_Z_D_LUT4_D_Z_PFUMX_Z_ALUT (39,21) -> (39,21)
Info:                          Sink complex.imem.rom_odd.0.1_DOB5_LUT4_B_Z_LUT4_D_Z_LUT4_D_Z_LUT4_Z_D_LUT4_Z_D_LUT4_D_Z_PFUMX_Z_BLUT_LUT4_Z.F1
Info:                          Defined in:
Info:                               /Users/jeff/.cache/little-cpu/oss-cad-suite/libexec/../share/yosys/lattice/cells_map_trellis.v:133.22-133.24
Info:      logic  0.17  10.06 Source complex.imem.rom_odd.0.1_DOB5_LUT4_B_Z_LUT4_D_Z_LUT4_D_Z_LUT4_Z_D_LUT4_Z_D_LUT4_D_Z_PFUMX_Z_BLUT_LUT4_Z.OFX
Info:    routing  0.95  11.02 Net complex.imem.rom_odd.0.0_DOB7_LUT4_B_Z_LUT4_D_1_Z_LUT4_D_1_Z[4] (39,21) -> (42,19)
Info:                          Sink complex.l_hart[0].core.regfile.regs_b.0.1_DO_3_LUT4_C_Z_LUT4_A_Z_PFUMX_Z_C0_LUT4_Z_D_LUT4_D_Z_LUT4_D_Z_LUT4_Z_2.D
Info:                          Defined in:
Info:                               /Users/jeff/.cache/little-cpu/oss-cad-suite/libexec/../share/yosys/lattice/cells_map_trellis.v:108.23-108.24
Info:      logic  0.24  11.25 Source complex.l_hart[0].core.regfile.regs_b.0.1_DO_3_LUT4_C_Z_LUT4_A_Z_PFUMX_Z_C0_LUT4_Z_D_LUT4_D_Z_LUT4_D_Z_LUT4_Z_2.F
Info:    routing  1.29  12.54 Net complex.arbiter.winner_LUT4_Z_C_LUT4_D_Z_L6MUX21_Z_1_D1_PFUMX_Z_C0[5] (42,19) -> (37,22)
Info:                          Sink complex.arbiter.winner_LUT4_Z_C_LUT4_D_Z_L6MUX21_Z_1_D1_PFUMX_Z_ALUT_LUT4_Z.M
Info:                          Defined in:
Info:                               /Users/jeff/.cache/little-cpu/oss-cad-suite/libexec/../share/yosys/lattice/cells_map_trellis.v:108.23-108.24
Info:      logic  0.26  12.80 Source complex.arbiter.winner_LUT4_Z_C_LUT4_D_Z_L6MUX21_Z_1_D1_PFUMX_Z_ALUT_LUT4_Z.OFX
Info:    routing  0.95  13.75 Net complex.arbiter.winner_LUT4_Z_C_LUT4_D_Z[0] (37,22) -> (42,22)
Info:                          Sink complex.l_hart[0].core.decoder.out_TRELLIS_FF_Q_5_DI_LUT4_Z_C_L6MUX21_SD_Z_LUT4_Z_1_C_PFUMX_C0_Z_PFUMX_Z_BLUT_LUT4_Z.M
Info:                          Defined in:
Info:                               /Users/jeff/.cache/little-cpu/oss-cad-suite/libexec/../share/yosys/lattice/cells_map_trellis.v:108.23-108.24
Info:      logic  0.26  14.01 Source complex.l_hart[0].core.decoder.out_TRELLIS_FF_Q_5_DI_LUT4_Z_C_L6MUX21_SD_Z_LUT4_Z_1_C_PFUMX_C0_Z_PFUMX_Z_BLUT_LUT4_Z.OFX
Info:    routing  0.94  14.95 Net complex.l_hart[0].core.decoder.out_TRELLIS_FF_Q_5_DI_LUT4_Z_C_L6MUX21_SD_Z_LUT4_Z_1_C_PFUMX_C0_Z[5] (42,22) -> (45,21)
Info:                          Sink complex.l_hart[0].core.decoder.out_TRELLIS_FF_Q_5_DI_LUT4_Z_C_L6MUX21_SD_Z_L6MUX21_Z_D1_PFUMX_Z_ALUT_LUT4_Z.M
Info:                          Defined in:
Info:                               /Users/jeff/.cache/little-cpu/oss-cad-suite/libexec/../share/yosys/lattice/cells_map_trellis.v:108.23-108.24
Info:      logic  0.26  15.20 Source complex.l_hart[0].core.decoder.out_TRELLIS_FF_Q_5_DI_LUT4_Z_C_L6MUX21_SD_Z_L6MUX21_Z_D1_PFUMX_Z_ALUT_LUT4_Z.OFX
Info:    routing  0.69  15.90 Net complex.l_hart[0].core.csrs.mstatus_mpie_LUT4_C_Z_LUT4_C_Z_PFUMX_BLUT_Z_L6MUX21_D1_Z_L6MUX21_D1_Z[1] (45,21) -> (44,20)
Info:                          Sink complex.l_hart[0].core.regfile.regs_b.0.2_DO_1_LUT4_C_Z_LUT4_A_Z_PFUMX_Z_C0_LUT4_Z_D_LUT4_D_1_Z_LUT4_Z_1_C_LUT4_C_Z_LUT4_D_B_LUT4_C_Z_L6MUX21_Z_1_D1_PFUMX_Z_BLUT_LUT4_Z.M
Info:                          Defined in:
Info:                               /Users/jeff/.cache/little-cpu/oss-cad-suite/libexec/../share/yosys/lattice/cells_map_trellis.v:108.23-108.24
Info:      logic  0.26  16.16 Source complex.l_hart[0].core.regfile.regs_b.0.2_DO_1_LUT4_C_Z_LUT4_A_Z_PFUMX_Z_C0_LUT4_Z_D_LUT4_D_1_Z_LUT4_Z_1_C_LUT4_C_Z_LUT4_D_B_LUT4_C_Z_L6MUX21_Z_1_D1_PFUMX_Z_BLUT_LUT4_Z.OFX
Info:    routing  0.00  16.16 Net complex.l_hart[0].core.regfile.regs_b.0.2_DO_1_LUT4_C_Z_LUT4_A_Z_PFUMX_Z_C0_LUT4_Z_D_LUT4_D_1_Z_LUT4_Z_1_C_LUT4_C_Z_LUT4_D_B_LUT4_C_Z_L6MUX21_Z_1_D1 (44,20) -> (44,20)
Info:                          Sink complex.l_hart[0].core.regfile.regs_b.0.2_DO_1_LUT4_C_Z_LUT4_A_Z_PFUMX_Z_C0_LUT4_Z_D_LUT4_D_1_Z_LUT4_Z_1_C_LUT4_C_Z_LUT4_D_B_LUT4_C_Z_L6MUX21_Z_1_D1_PFUMX_Z_ALUT_LUT4_Z.FXB
Info:                          Defined in:
Info:                               /Users/jeff/.cache/little-cpu/oss-cad-suite/libexec/../share/yosys/lattice/cells_map_trellis.v:141.38-141.40
Info:      logic  0.24  16.40 Source complex.l_hart[0].core.regfile.regs_b.0.2_DO_1_LUT4_C_Z_LUT4_A_Z_PFUMX_Z_C0_LUT4_Z_D_LUT4_D_1_Z_LUT4_Z_1_C_LUT4_C_Z_LUT4_D_B_LUT4_C_Z_L6MUX21_Z_1_D1_PFUMX_Z_ALUT_LUT4_Z.OFX
Info:    routing  0.95  17.35 Net complex.l_hart[0].core.regfile.regs_b.0.2_DO_1_LUT4_C_Z_LUT4_A_Z_PFUMX_Z_C0_LUT4_Z_D_LUT4_D_1_Z_LUT4_Z_1_C_LUT4_C_Z_LUT4_D_B_LUT4_C_Z[4] (44,20) -> (41,19)
Info:                          Sink complex.imem.rom_odd.0.0_DOB7_LUT4_B_Z_LUT4_D_1_Z_LUT4_D_1_Z_LUT4_Z_D_LUT4_C_B_LUT4_C_Z_LUT4_C_Z_LUT4_Z_2_C_LUT4_Z_1_C_LUT4_B_Z_LUT4_A_Z_LUT4_A_Z_PFUMX_BLUT_Z_PFUMX_Z_1_BLUT_LUT4_Z.M
Info:                          Defined in:
Info:                               /Users/jeff/.cache/little-cpu/oss-cad-suite/libexec/../share/yosys/lattice/cells_map_trellis.v:108.23-108.24
Info:      logic  0.26  17.61 Source complex.imem.rom_odd.0.0_DOB7_LUT4_B_Z_LUT4_D_1_Z_LUT4_D_1_Z_LUT4_Z_D_LUT4_C_B_LUT4_C_Z_LUT4_C_Z_LUT4_Z_2_C_LUT4_Z_1_C_LUT4_B_Z_LUT4_A_Z_LUT4_A_Z_PFUMX_BLUT_Z_PFUMX_Z_1_BLUT_LUT4_Z.OFX
Info:    routing  1.28  18.89 Net complex.arbiter.winner_LUT4_Z_C_LUT4_Z_1_D[1] (41,19) -> (38,14)
Info:                          Sink complex.l_hart[1].core.accessor.mem_lock_LUT4_D_Z_L6MUX21_Z_D1_L6MUX21_Z_D0_PFUMX_Z_ALUT_LUT4_Z.M
Info:                          Defined in:
Info:                               /Users/jeff/.cache/little-cpu/oss-cad-suite/libexec/../share/yosys/lattice/cells_map_trellis.v:108.23-108.24
Info:      logic  0.26  19.14 Source complex.l_hart[1].core.accessor.mem_lock_LUT4_D_Z_L6MUX21_Z_D1_L6MUX21_Z_D0_PFUMX_Z_ALUT_LUT4_Z.OFX
Info:    routing  1.03  20.17 Net complex.l_hart[0].core.csrs.mstatus_mpie_LUT4_C_Z_LUT4_C_Z_PFUMX_BLUT_Z_L6MUX21_D1_Z_L6MUX21_D1_Z_LUT4_D_Z_PFUMX_BLUT_Z_LUT4_D_Z[4] (38,14) -> (40,10)
Info:                          Sink complex.imem.rom_odd.0.0_DOB7_LUT4_B_Z_LUT4_D_1_Z_LUT4_D_1_Z_LUT4_Z_D_LUT4_C_B_LUT4_C_Z_LUT4_C_Z_LUT4_Z_3_B_LUT4_Z_C_LUT4_B_Z_LUT4_A_Z_LUT4_Z.D
Info:                          Defined in:
Info:                               /Users/jeff/.cache/little-cpu/oss-cad-suite/libexec/../share/yosys/lattice/cells_map_trellis.v:108.23-108.24
Info:      logic  0.24  20.41 Source complex.imem.rom_odd.0.0_DOB7_LUT4_B_Z_LUT4_D_1_Z_LUT4_D_1_Z_LUT4_Z_D_LUT4_C_B_LUT4_C_Z_LUT4_C_Z_LUT4_Z_3_B_LUT4_Z_C_LUT4_B_Z_LUT4_A_Z_LUT4_Z.F
Info:    routing  1.31  21.72 Net complex.imem.rom_odd.0.0_DOB2_LUT4_C_1_Z_LUT4_D_1_Z_LUT4_C_Z_PFUMX_ALUT_Z_LUT4_B_Z[4] (40,10) -> (36,16)
Info:                          Sink complex.l_hart[0].core.decoder.next_pc_LUT4_Z_10_D_LUT4_Z_D_LUT4_Z_C_CCU2C_S0_CIN_CCU2C_COUT_S0_CCU2C_S1_S0_CCU2C_S1_S0_CCU2C_S1_S0_CCU2C_S1_S0_CCU2C_S1_S0_CCU2C_S1_S0_CCU2C_S1_S0_CCU2C_S1_S0_CCU2C_S1_S0_CCU2C_S1_S0_CCU2C_S1_S0_CCU2C_S1_1_CIN_CCU2C_COUT_S1_LUT4_D_Z_PFUMX_C0_Z_LUT4_Z.D
Info:                          Defined in:
Info:                               /Users/jeff/.cache/little-cpu/oss-cad-suite/libexec/../share/yosys/lattice/cells_map_trellis.v:108.23-108.24
Info:      logic  0.24  21.95 Source complex.l_hart[0].core.decoder.next_pc_LUT4_Z_10_D_LUT4_Z_D_LUT4_Z_C_CCU2C_S0_CIN_CCU2C_COUT_S0_CCU2C_S1_S0_CCU2C_S1_S0_CCU2C_S1_S0_CCU2C_S1_S0_CCU2C_S1_S0_CCU2C_S1_S0_CCU2C_S1_S0_CCU2C_S1_S0_CCU2C_S1_S0_CCU2C_S1_S0_CCU2C_S1_S0_CCU2C_S1_1_CIN_CCU2C_COUT_S1_LUT4_D_Z_PFUMX_C0_Z_LUT4_Z.F
Info:    routing  0.63  22.58 Net complex.l_hart[0].core.decoder.next_pc_LUT4_Z_10_D_LUT4_Z_D_LUT4_Z_C_CCU2C_S0_CIN_CCU2C_COUT_S0_CCU2C_S1_S0_CCU2C_S1_S0_CCU2C_S1_S0_CCU2C_S1_S0_CCU2C_S1_S0_CCU2C_S1_S0_CCU2C_S1_S0_CCU2C_S1_S0_CCU2C_S1_S0_CCU2C_S1_S0_CCU2C_S1_S0_CCU2C_S1_1_CIN_CCU2C_COUT_S1_LUT4_D_Z_PFUMX_C0_Z[4] (36,16) -> (36,16)
Info:                          Sink complex.l_hart[0].core.decoder.next_pc_LUT4_Z.C
Info:                          Defined in:
Info:                               /Users/jeff/.cache/little-cpu/oss-cad-suite/libexec/../share/yosys/lattice/cells_map_trellis.v:108.23-108.24
Info:      logic  0.24  22.82 Source complex.l_hart[0].core.decoder.next_pc_LUT4_Z.F
Info:    routing  1.40  24.22 Net complex.imem_addr_next[11] (36,16) -> (31,17)
Info:                          Sink complex.imem.even_raddr_LUT4_Z_4_D_CCU2C_S1$CCU2_COMB0.B
Info:                          Defined in:
Info:                               rtl/littlecpu.v:184.17-184.24
Info:      logic  0.45  24.67 Source complex.imem.even_raddr_LUT4_Z_4_D_CCU2C_S1$CCU2_COMB0.FCO
Info:    routing  0.00  24.67 Net complex.imem.even_raddr_LUT4_Z_4_D_CCU2C_S1$CCU2_FCI_INT (31,17) -> (31,17)
Info:                          Sink complex.imem.even_raddr_LUT4_Z_4_D_CCU2C_S1$CCU2_COMB1.FCI
Info:      logic  0.40  25.07 Source complex.imem.even_raddr_LUT4_Z_4_D_CCU2C_S1$CCU2_COMB1.F
Info:    routing  0.91  25.98 Net complex.imem.even_raddr_LUT4_Z_4_D[6] (31,17) -> (31,18)
Info:                          Sink complex.imem.data_hit_TRELLIS_FF_Q_DI_LUT4_Z_D_LUT4_D_Z_LUT4_D_Z_TRELLIS_FF_LSR_3_Q_L6MUX21_Z_4_D1_L6MUX21_Z_D0_PFUMX_Z_ALUT_LUT4_Z.M
Info:                          Defined in:
Info:                               /Users/jeff/.cache/little-cpu/oss-cad-suite/libexec/../share/yosys/lattice/cells_map_trellis.v:108.23-108.24
Info:      logic  0.26  26.24 Source complex.imem.data_hit_TRELLIS_FF_Q_DI_LUT4_Z_D_LUT4_D_Z_LUT4_D_Z_TRELLIS_FF_LSR_3_Q_L6MUX21_Z_4_D1_L6MUX21_Z_D0_PFUMX_Z_ALUT_LUT4_Z.OFX
Info:    routing  0.89  27.12 Net complex.imem.data_hit_TRELLIS_FF_Q_DI_LUT4_Z_D_LUT4_D_Z_LUT4_D_Z_TRELLIS_FF_LSR_3_Q[5] (31,18) -> (27,18)
Info:                          Sink complex.imem.rom_odd.0.0_DOB13_TRELLIS_FF_Q_DI_L6MUX21_Z_D1_PFUMX_Z_ALUT_LUT4_Z.M
Info:                          Defined in:
Info:                               /Users/jeff/.cache/little-cpu/oss-cad-suite/libexec/../share/yosys/lattice/cells_map_trellis.v:108.23-108.24
Info:      logic  0.26  27.38 Source complex.imem.rom_odd.0.0_DOB13_TRELLIS_FF_Q_DI_L6MUX21_Z_D1_PFUMX_Z_ALUT_LUT4_Z.OFX
Info:    routing  0.90  28.28 Net complex.imem.rom_odd.0.0_DOB13_TRELLIS_FF_Q_DI (27,18) -> (27,21)
Info:                          Sink complex.imem.rom_odd.0.0_DOB13_TRELLIS_FF_Q.M
Info:      setup  0.00  28.28 Source complex.imem.rom_odd.0.0_DOB13_TRELLIS_FF_Q.M
Info: 10.81 ns logic, 17.48 ns routing

Info: Critical path report for cross-domain path '<async>' -> 'posedge $glbnet$clk$TRELLIS_IO_IN':
Info:       type curr  total name
Info:     source  0.00  0.00 Source btn_n$tr_io.O
Info:    routing  1.53  1.53 Net btn_n$TRELLIS_IO_IN (11,50) -> (13,38)
Info:                          Sink btn_sync_TRELLIS_FF_Q_1.M
Info:                          Defined in:
Info:                               rtl/littledualsoc.v:19.16-19.21
Info:      setup  0.00  1.53 Source btn_sync_TRELLIS_FF_Q_1.M
Info: 0.00 ns logic, 1.53 ns routing

Info: Critical path report for cross-domain path 'posedge $glbnet$clk$TRELLIS_IO_IN' -> '<async>':
Info:       type curr  total name
Info:   clk-to-q  0.52  0.52 Source por_done_TRELLIS_FF_Q.Q
Info:    routing  2.42  2.95 Net por_done (3,29) -> (4,7)
Info:                          Sink ledg_n_LUT4_Z.D
Info:                          Defined in:
Info:                               rtl/littledualsoc.v:29.15-29.23
Info:      logic  0.24  3.18 Source ledg_n_LUT4_Z.F
Info:    routing  1.41  4.59 Net ledg_n$TRELLIS_IO_OUT (4,7) -> (4,0)
Info:                          Sink ledg_n$tr_io.I
Info:                          Defined in:
Info:                               rtl/littledualsoc.v:23.16-23.22
Info: 0.76 ns logic, 3.83 ns routing

ERROR: Max frequency for clock '$glbnet$clk$TRELLIS_IO_IN': 35.36 MHz (FAIL at 200.00 MHz)

Info: Max delay <async>                           -> posedge $glbnet$clk$TRELLIS_IO_IN: 1.53 ns
Info: Max delay posedge $glbnet$clk$TRELLIS_IO_IN -> <async>                          : 4.59 ns

Info: Slack histogram:
Info:  legend: * represents 21 endpoint(s)
Info:          + represents [1,21) endpoint(s)
Info: [-23282, -21914) |**+
Info: [-21914, -20546) |***************+
Info: [-20546, -19178) |****************+
Info: [-19178, -17810) |*************************+
Info: [-17810, -16442) |**************+
Info: [-16442, -15074) |********+
Info: [-15074, -13706) |*********+
Info: [-13706, -12338) |*******+
Info: [-12338, -10970) |***+
Info: [-10970,  -9602) |********+
Info: [ -9602,  -8234) |*****************+
Info: [ -8234,  -6866) |*****+
Info: [ -6866,  -5498) |**+
Info: [ -5498,  -4130) |*+
Info: [ -4130,  -2762) |*+
Info: [ -2762,  -1394) |***********************+
Info: [ -1394,    -26) |************************************************************ 
Info: [   -26,   1342) |************************************************+
Info: [  1342,   2710) |**************************************************+
Info: [  2710,   4078) |***************+
3 warnings, 1 error

Info: Program finished normally.
