clang++ -O2 -DNDEBUG -std=c++17 -Wall -Wextra -Werror \
	  -isystem $(yosys-config --datdir)/include/backends/cxxrtl/runtime test/cosim.cc -o cosim
./test/run_cosim.sh ./cosim test/asm test/COSIM_EXPECTED_FAIL test/OBSERVED_FLOOR
Suite shape matches test/OBSERVED_FLOOR: 75 programs.

cross compiler     : riscv-none-elf-gcc
sail               : /Users/jeff/.cache/little-cpu/sail/bin/sail_riscv_sim
sail provenance    : pinned: 0.13.1 sail-riscv-Mac-arm64 53d0c6fd84edd898728e7ba01c1575e66e5f17efd098847c5273690abbbd0737
cosim runner       : ./cosim

--- add.S ---
error: cosim produced no `CS END` line (exit 3):
error: 'uut regfile regs_a' / 'uut regfile regs_b' / 'uut decoder pc' not found in the simulated design -- did the RTL hierarchy change?

--- addi.S ---
error: cosim produced no `CS END` line (exit 3):
error: 'uut regfile regs_a' / 'uut regfile regs_b' / 'uut decoder pc' not found in the simulated design -- did the RTL hierarchy change?

--- amo.S ---
error: cosim produced no `CS END` line (exit 3):
error: 'uut regfile regs_a' / 'uut regfile regs_b' / 'uut decoder pc' not found in the simulated design -- did the RTL hierarchy change?

--- amominmax.S ---
error: cosim produced no `CS END` line (exit 3):
error: 'uut regfile regs_a' / 'uut regfile regs_b' / 'uut decoder pc' not found in the simulated design -- did the RTL hierarchy change?

--- amoregion.S ---
error: cosim produced no `CS END` line (exit 3):
error: 'uut regfile regs_a' / 'uut regfile regs_b' / 'uut decoder pc' not found in the simulated design -- did the RTL hierarchy change?

--- amotrap.S ---
error: cosim produced no `CS END` line (exit 3):
error: 'uut regfile regs_a' / 'uut regfile regs_b' / 'uut decoder pc' not found in the simulated design -- did the RTL hierarchy change?

--- and.S ---
error: cosim produced no `CS END` line (exit 3):
error: 'uut regfile regs_a' / 'uut regfile regs_b' / 'uut decoder pc' not found in the simulated design -- did the RTL hierarchy change?

--- andi.S ---
error: cosim produced no `CS END` line (exit 3):
error: 'uut regfile regs_a' / 'uut regfile regs_b' / 'uut decoder pc' not found in the simulated design -- did the RTL hierarchy change?

--- auipc.S ---
error: cosim produced no `CS END` line (exit 3):
error: 'uut regfile regs_a' / 'uut regfile regs_b' / 'uut decoder pc' not found in the simulated design -- did the RTL hierarchy change?

--- beq.S ---
error: cosim produced no `CS END` line (exit 3):
error: 'uut regfile regs_a' / 'uut regfile regs_b' / 'uut decoder pc' not found in the simulated design -- did the RTL hierarchy change?

--- bge.S ---
error: cosim produced no `CS END` line (exit 3):
error: 'uut regfile regs_a' / 'uut regfile regs_b' / 'uut decoder pc' not found in the simulated design -- did the RTL hierarchy change?

--- bgeu.S ---
error: cosim produced no `CS END` line (exit 3):
error: 'uut regfile regs_a' / 'uut regfile regs_b' / 'uut decoder pc' not found in the simulated design -- did the RTL hierarchy change?

--- blt.S ---
error: cosim produced no `CS END` line (exit 3):
error: 'uut regfile regs_a' / 'uut regfile regs_b' / 'uut decoder pc' not found in the simulated design -- did the RTL hierarchy change?

--- bltu.S ---
error: cosim produced no `CS END` line (exit 3):
error: 'uut regfile regs_a' / 'uut regfile regs_b' / 'uut decoder pc' not found in the simulated design -- did the RTL hierarchy change?

--- bne.S ---
error: cosim produced no `CS END` line (exit 3):
error: 'uut regfile regs_a' / 'uut regfile regs_b' / 'uut decoder pc' not found in the simulated design -- did the RTL hierarchy change?

--- cebreak.S ---
error: cosim produced no `CS END` line (exit 3):
error: 'uut regfile regs_a' / 'uut regfile regs_b' / 'uut decoder pc' not found in the simulated design -- did the RTL hierarchy change?

--- contend.S ---
error: cosim produced no `CS END` line (exit 3):
error: 'uut regfile regs_a' / 'uut regfile regs_b' / 'uut decoder pc' not found in the simulated design -- did the RTL hierarchy change?

--- csr.S ---
error: cosim produced no `CS END` line (exit 3):
error: 'uut regfile regs_a' / 'uut regfile regs_b' / 'uut decoder pc' not found in the simulated design -- did the RTL hierarchy change?

--- csrset.S ---
error: cosim produced no `CS END` line (exit 3):
error: 'uut regfile regs_a' / 'uut regfile regs_b' / 'uut decoder pc' not found in the simulated design -- did the RTL hierarchy change?

--- div.S ---
error: cosim produced no `CS END` line (exit 3):
error: 'uut regfile regs_a' / 'uut regfile regs_b' / 'uut decoder pc' not found in the simulated design -- did the RTL hierarchy change?

--- divu.S ---
error: cosim produced no `CS END` line (exit 3):
error: 'uut regfile regs_a' / 'uut regfile regs_b' / 'uut decoder pc' not found in the simulated design -- did the RTL hierarchy change?

--- fencenop.S ---
error: cosim produced no `CS END` line (exit 3):
error: 'uut regfile regs_a' / 'uut regfile regs_b' / 'uut decoder pc' not found in the simulated design -- did the RTL hierarchy change?

--- hazard.S ---
error: cosim produced no `CS END` line (exit 3):
error: 'uut regfile regs_a' / 'uut regfile regs_b' / 'uut decoder pc' not found in the simulated design -- did the RTL hierarchy change?

--- hpm.S ---
error: cosim produced no `CS END` line (exit 3):
error: 'uut regfile regs_a' / 'uut regfile regs_b' / 'uut decoder pc' not found in the simulated design -- did the RTL hierarchy change?

--- ifault.S ---
error: cosim produced no `CS END` line (exit 3):
error: 'uut regfile regs_a' / 'uut regfile regs_b' / 'uut decoder pc' not found in the simulated design -- did the RTL hierarchy change?

--- jal.S ---
error: cosim produced no `CS END` line (exit 3):
error: 'uut regfile regs_a' / 'uut regfile regs_b' / 'uut decoder pc' not found in the simulated design -- did the RTL hierarchy change?

--- jalr.S ---
error: cosim produced no `CS END` line (exit 3):
error: 'uut regfile regs_a' / 'uut regfile regs_b' / 'uut decoder pc' not found in the simulated design -- did the RTL hierarchy change?

--- lb.S ---
error: cosim produced no `CS END` line (exit 3):
error: 'uut regfile regs_a' / 'uut regfile regs_b' / 'uut decoder pc' not found in the simulated design -- did the RTL hierarchy change?

--- lbu.S ---
error: cosim produced no `CS END` line (exit 3):
error: 'uut regfile regs_a' / 'uut regfile regs_b' / 'uut decoder pc' not found in the simulated design -- did the RTL hierarchy change?

--- lh.S ---
error: cosim produced no `CS END` line (exit 3):
error: 'uut regfile regs_a' / 'uut regfile regs_b' / 'uut decoder pc' not found in the simulated design -- did the RTL hierarchy change?

--- lhu.S ---
error: cosim produced no `CS END` line (exit 3):
error: 'uut regfile regs_a' / 'uut regfile regs_b' / 'uut decoder pc' not found in the simulated design -- did the RTL hierarchy change?

--- loadfault.S ---
error: cosim produced no `CS END` line (exit 3):
error: 'uut regfile regs_a' / 'uut regfile regs_b' / 'uut decoder pc' not found in the simulated design -- did the RTL hierarchy change?

--- lrsc.S ---
error: cosim produced no `CS END` line (exit 3):
error: 'uut regfile regs_a' / 'uut regfile regs_b' / 'uut decoder pc' not found in the simulated design -- did the RTL hierarchy change?

--- lrsclock.S ---
error: cosim produced no `CS END` line (exit 3):
error: 'uut regfile regs_a' / 'uut regfile regs_b' / 'uut decoder pc' not found in the simulated design -- did the RTL hierarchy change?

--- lui.S ---
error: cosim produced no `CS END` line (exit 3):
error: 'uut regfile regs_a' / 'uut regfile regs_b' / 'uut decoder pc' not found in the simulated design -- did the RTL hierarchy change?

--- lw.S ---
error: cosim produced no `CS END` line (exit 3):
error: 'uut regfile regs_a' / 'uut regfile regs_b' / 'uut decoder pc' not found in the simulated design -- did the RTL hierarchy change?

--- minstret.S ---
error: cosim produced no `CS END` line (exit 3):
error: 'uut regfile regs_a' / 'uut regfile regs_b' / 'uut decoder pc' not found in the simulated design -- did the RTL hierarchy change?

--- mtimer.S ---
error: cosim produced no `CS END` line (exit 3):
error: 'uut regfile regs_a' / 'uut regfile regs_b' / 'uut decoder pc' not found in the simulated design -- did the RTL hierarchy change?

--- mtimermask.S ---
error: cosim produced no `CS END` line (exit 3):
error: 'uut regfile regs_a' / 'uut regfile regs_b' / 'uut decoder pc' not found in the simulated design -- did the RTL hierarchy change?

--- mul.S ---
error: cosim produced no `CS END` line (exit 3):
error: 'uut regfile regs_a' / 'uut regfile regs_b' / 'uut decoder pc' not found in the simulated design -- did the RTL hierarchy change?

--- mulh.S ---
error: cosim produced no `CS END` line (exit 3):
error: 'uut regfile regs_a' / 'uut regfile regs_b' / 'uut decoder pc' not found in the simulated design -- did the RTL hierarchy change?

--- mulhsu.S ---
error: cosim produced no `CS END` line (exit 3):
error: 'uut regfile regs_a' / 'uut regfile regs_b' / 'uut decoder pc' not found in the simulated design -- did the RTL hierarchy change?

--- mulhu.S ---
error: cosim produced no `CS END` line (exit 3):
error: 'uut regfile regs_a' / 'uut regfile regs_b' / 'uut decoder pc' not found in the simulated design -- did the RTL hierarchy change?

--- or.S ---
error: cosim produced no `CS END` line (exit 3):
error: 'uut regfile regs_a' / 'uut regfile regs_b' / 'uut decoder pc' not found in the simulated design -- did the RTL hierarchy change?

--- ori.S ---
error: cosim produced no `CS END` line (exit 3):
error: 'uut regfile regs_a' / 'uut regfile regs_b' / 'uut decoder pc' not found in the simulated design -- did the RTL hierarchy change?

--- rem.S ---
error: cosim produced no `CS END` line (exit 3):
error: 'uut regfile regs_a' / 'uut regfile regs_b' / 'uut decoder pc' not found in the simulated design -- did the RTL hierarchy change?

--- remu.S ---
error: cosim produced no `CS END` line (exit 3):
error: 'uut regfile regs_a' / 'uut regfile regs_b' / 'uut decoder pc' not found in the simulated design -- did the RTL hierarchy change?

--- rvc.S ---
error: cosim produced no `CS END` line (exit 3):
error: 'uut regfile regs_a' / 'uut regfile regs_b' / 'uut decoder pc' not found in the simulated design -- did the RTL hierarchy change?

--- sb.S ---
error: cosim produced no `CS END` line (exit 3):
error: 'uut regfile regs_a' / 'uut regfile regs_b' / 'uut decoder pc' not found in the simulated design -- did the RTL hierarchy change?

--- selfmod.S ---
error: cosim produced no `CS END` line (exit 3):
error: 'uut regfile regs_a' / 'uut regfile regs_b' / 'uut decoder pc' not found in the simulated design -- did the RTL hierarchy change?

--- sh.S ---
error: cosim produced no `CS END` line (exit 3):
error: 'uut regfile regs_a' / 'uut regfile regs_b' / 'uut decoder pc' not found in the simulated design -- did the RTL hierarchy change?

--- simple.S ---
error: cosim produced no `CS END` line (exit 3):
error: 'uut regfile regs_a' / 'uut regfile regs_b' / 'uut decoder pc' not found in the simulated design -- did the RTL hierarchy change?

--- sll.S ---
error: cosim produced no `CS END` line (exit 3):
error: 'uut regfile regs_a' / 'uut regfile regs_b' / 'uut decoder pc' not found in the simulated design -- did the RTL hierarchy change?

--- slli.S ---
error: cosim produced no `CS END` line (exit 3):
error: 'uut regfile regs_a' / 'uut regfile regs_b' / 'uut decoder pc' not found in the simulated design -- did the RTL hierarchy change?

--- slt.S ---
error: cosim produced no `CS END` line (exit 3):
error: 'uut regfile regs_a' / 'uut regfile regs_b' / 'uut decoder pc' not found in the simulated design -- did the RTL hierarchy change?

--- slti.S ---
error: cosim produced no `CS END` line (exit 3):
error: 'uut regfile regs_a' / 'uut regfile regs_b' / 'uut decoder pc' not found in the simulated design -- did the RTL hierarchy change?

--- sltiu.S ---
error: cosim produced no `CS END` line (exit 3):
error: 'uut regfile regs_a' / 'uut regfile regs_b' / 'uut decoder pc' not found in the simulated design -- did the RTL hierarchy change?

--- sltu.S ---
error: cosim produced no `CS END` line (exit 3):
error: 'uut regfile regs_a' / 'uut regfile regs_b' / 'uut decoder pc' not found in the simulated design -- did the RTL hierarchy change?

--- spiflash.S ---
error: cosim produced no `CS END` line (exit 3):
error: 'uut regfile regs_a' / 'uut regfile regs_b' / 'uut decoder pc' not found in the simulated design -- did the RTL hierarchy change?

--- spioverlay.S ---
error: cosim produced no `CS END` line (exit 3):
error: 'uut regfile regs_a' / 'uut regfile regs_b' / 'uut decoder pc' not found in the simulated design -- did the RTL hierarchy change?

--- sra.S ---
error: cosim produced no `CS END` line (exit 3):
error: 'uut regfile regs_a' / 'uut regfile regs_b' / 'uut decoder pc' not found in the simulated design -- did the RTL hierarchy change?

--- srai.S ---
error: cosim produced no `CS END` line (exit 3):
error: 'uut regfile regs_a' / 'uut regfile regs_b' / 'uut decoder pc' not found in the simulated design -- did the RTL hierarchy change?

--- srl.S ---
error: cosim produced no `CS END` line (exit 3):
error: 'uut regfile regs_a' / 'uut regfile regs_b' / 'uut decoder pc' not found in the simulated design -- did the RTL hierarchy change?

--- srli.S ---
error: cosim produced no `CS END` line (exit 3):
error: 'uut regfile regs_a' / 'uut regfile regs_b' / 'uut decoder pc' not found in the simulated design -- did the RTL hierarchy change?

--- storefault.S ---
error: cosim produced no `CS END` line (exit 3):
error: 'uut regfile regs_a' / 'uut regfile regs_b' / 'uut decoder pc' not found in the simulated design -- did the RTL hierarchy change?

--- straddle.S ---
error: cosim produced no `CS END` line (exit 3):
error: 'uut regfile regs_a' / 'uut regfile regs_b' / 'uut decoder pc' not found in the simulated design -- did the RTL hierarchy change?

--- sub.S ---
error: cosim produced no `CS END` line (exit 3):
error: 'uut regfile regs_a' / 'uut regfile regs_b' / 'uut decoder pc' not found in the simulated design -- did the RTL hierarchy change?

--- sw.S ---
error: cosim produced no `CS END` line (exit 3):
error: 'uut regfile regs_a' / 'uut regfile regs_b' / 'uut decoder pc' not found in the simulated design -- did the RTL hierarchy change?

--- textload.S ---
error: cosim produced no `CS END` line (exit 3):
error: 'uut regfile regs_a' / 'uut regfile regs_b' / 'uut decoder pc' not found in the simulated design -- did the RTL hierarchy change?

--- trap.S ---
error: cosim produced no `CS END` line (exit 3):
error: 'uut regfile regs_a' / 'uut regfile regs_b' / 'uut decoder pc' not found in the simulated design -- did the RTL hierarchy change?

--- uart.S ---
error: cosim produced no `CS END` line (exit 3):
error: 'uut regfile regs_a' / 'uut regfile regs_b' / 'uut decoder pc' not found in the simulated design -- did the RTL hierarchy change?

--- xor.S ---
error: cosim produced no `CS END` line (exit 3):
error: 'uut regfile regs_a' / 'uut regfile regs_b' / 'uut decoder pc' not found in the simulated design -- did the RTL hierarchy change?

--- xori.S ---
error: cosim produced no `CS END` line (exit 3):
error: 'uut regfile regs_a' / 'uut regfile regs_b' / 'uut decoder pc' not found in the simulated design -- did the RTL hierarchy change?

--- zicsr.S ---
error: cosim produced no `CS END` line (exit 3):
error: 'uut regfile regs_a' / 'uut regfile regs_b' / 'uut decoder pc' not found in the simulated design -- did the RTL hierarchy change?

--- datainit.c ---
error: cosim produced no `CS END` line (exit 3):
error: 'uut regfile regs_a' / 'uut regfile regs_b' / 'uut decoder pc' not found in the simulated design -- did the RTL hierarchy change?

add.S            COSIM-ERROR 3
addi.S           COSIM-ERROR 3
amo.S            COSIM-ERROR 3
amominmax.S      COSIM-ERROR 3
amoregion.S      COSIM-ERROR 3
amotrap.S        COSIM-ERROR 3
and.S            COSIM-ERROR 3
andi.S           COSIM-ERROR 3
auipc.S          COSIM-ERROR 3
beq.S            COSIM-ERROR 3
bge.S            COSIM-ERROR 3
bgeu.S           COSIM-ERROR 3
blt.S            COSIM-ERROR 3
bltu.S           COSIM-ERROR 3
bne.S            COSIM-ERROR 3
cebreak.S        COSIM-ERROR 3
contend.S        COSIM-ERROR 3
csr.S            COSIM-ERROR 3
csrset.S         COSIM-ERROR 3
div.S            COSIM-ERROR 3
divu.S           COSIM-ERROR 3
fencenop.S       COSIM-ERROR 3
hazard.S         COSIM-ERROR 3
hpm.S            COSIM-ERROR 3
ifault.S         COSIM-ERROR 3
jal.S            COSIM-ERROR 3
jalr.S           COSIM-ERROR 3
lb.S             COSIM-ERROR 3
lbu.S            COSIM-ERROR 3
lh.S             COSIM-ERROR 3
lhu.S            COSIM-ERROR 3
loadfault.S      COSIM-ERROR 3
lrsc.S           COSIM-ERROR 3
lrsclock.S       COSIM-ERROR 3
lui.S            COSIM-ERROR 3
lw.S             COSIM-ERROR 3
minstret.S       COSIM-ERROR 3
mtimer.S         COSIM-ERROR 3
mtimermask.S     COSIM-ERROR 3
mul.S            COSIM-ERROR 3
mulh.S           COSIM-ERROR 3
mulhsu.S         COSIM-ERROR 3
mulhu.S          COSIM-ERROR 3
or.S             COSIM-ERROR 3
ori.S            COSIM-ERROR 3
rem.S            COSIM-ERROR 3
remu.S           COSIM-ERROR 3
rvc.S            COSIM-ERROR 3
sb.S             COSIM-ERROR 3
selfmod.S        COSIM-ERROR 3
sh.S             COSIM-ERROR 3
simple.S         COSIM-ERROR 3
sll.S            COSIM-ERROR 3
slli.S           COSIM-ERROR 3
slt.S            COSIM-ERROR 3
slti.S           COSIM-ERROR 3
sltiu.S          COSIM-ERROR 3
sltu.S           COSIM-ERROR 3
spiflash.S       COSIM-ERROR 3
spioverlay.S     COSIM-ERROR 3
sra.S            COSIM-ERROR 3
srai.S           COSIM-ERROR 3
srl.S            COSIM-ERROR 3
srli.S           COSIM-ERROR 3
storefault.S     COSIM-ERROR 3
straddle.S       COSIM-ERROR 3
sub.S            COSIM-ERROR 3
sw.S             COSIM-ERROR 3
textload.S       COSIM-ERROR 3
trap.S           COSIM-ERROR 3
uart.S           COSIM-ERROR 3
xor.S            COSIM-ERROR 3
xori.S           COSIM-ERROR 3
zicsr.S          COSIM-ERROR 3
datainit.c       COSIM-ERROR 3

0/75 agreed

Divergence list does NOT match test/COSIM_EXPECTED_FAIL:
1,6c1,75
< lrsclock.S INCONCLUSIVE SAIL-LIMIT
< mtimer.S INCONCLUSIVE SAIL-LIMIT
< mtimermask.S INCONCLUSIVE SAIL-LIMIT
< spiflash.S DISAGREE AT 9
< spioverlay.S DISAGREE AT 22
< uart.S DISAGREE AT 7
---
> add.S COSIM-ERROR 3
> addi.S COSIM-ERROR 3
> amo.S COSIM-ERROR 3
> amominmax.S COSIM-ERROR 3
> amoregion.S COSIM-ERROR 3
> amotrap.S COSIM-ERROR 3
> and.S COSIM-ERROR 3
> andi.S COSIM-ERROR 3
> auipc.S COSIM-ERROR 3
> beq.S COSIM-ERROR 3
> bge.S COSIM-ERROR 3
> bgeu.S COSIM-ERROR 3
> blt.S COSIM-ERROR 3
> bltu.S COSIM-ERROR 3
> bne.S COSIM-ERROR 3
> cebreak.S COSIM-ERROR 3
> contend.S COSIM-ERROR 3
> csr.S COSIM-ERROR 3
> csrset.S COSIM-ERROR 3
> datainit.c COSIM-ERROR 3
> div.S COSIM-ERROR 3
> divu.S COSIM-ERROR 3
> fencenop.S COSIM-ERROR 3
> hazard.S COSIM-ERROR 3
> hpm.S COSIM-ERROR 3
> ifault.S COSIM-ERROR 3
> jal.S COSIM-ERROR 3
> jalr.S COSIM-ERROR 3
> lb.S COSIM-ERROR 3
> lbu.S COSIM-ERROR 3
> lh.S COSIM-ERROR 3
> lhu.S COSIM-ERROR 3
> loadfault.S COSIM-ERROR 3
> lrsc.S COSIM-ERROR 3
> lrsclock.S COSIM-ERROR 3
> lui.S COSIM-ERROR 3
> lw.S COSIM-ERROR 3
> minstret.S COSIM-ERROR 3
> mtimer.S COSIM-ERROR 3
> mtimermask.S COSIM-ERROR 3
> mul.S COSIM-ERROR 3
> mulh.S COSIM-ERROR 3
> mulhsu.S COSIM-ERROR 3
> mulhu.S COSIM-ERROR 3
> or.S COSIM-ERROR 3
> ori.S COSIM-ERROR 3
> rem.S COSIM-ERROR 3
> remu.S COSIM-ERROR 3
> rvc.S COSIM-ERROR 3
> sb.S COSIM-ERROR 3
> selfmod.S COSIM-ERROR 3
> sh.S COSIM-ERROR 3
> simple.S COSIM-ERROR 3
> sll.S COSIM-ERROR 3
> slli.S COSIM-ERROR 3
> slt.S COSIM-ERROR 3
> slti.S COSIM-ERROR 3
> sltiu.S COSIM-ERROR 3
> sltu.S COSIM-ERROR 3
> spiflash.S COSIM-ERROR 3
> spioverlay.S COSIM-ERROR 3
> sra.S COSIM-ERROR 3
> srai.S COSIM-ERROR 3
> srl.S COSIM-ERROR 3
> srli.S COSIM-ERROR 3
> storefault.S COSIM-ERROR 3
> straddle.S COSIM-ERROR 3
> sub.S COSIM-ERROR 3
> sw.S COSIM-ERROR 3
> textload.S COSIM-ERROR 3
> trap.S COSIM-ERROR 3
> uart.S COSIM-ERROR 3
> xor.S COSIM-ERROR 3
> xori.S COSIM-ERROR 3
> zicsr.S COSIM-ERROR 3
make: *** [cosim-suite] Error 1
