Suite shape matches test/OBSERVED_FLOOR: 75 programs.
add.S            PASS                   retires=429 spec-checked=429
addi.S           PASS                   retires=206 spec-checked=206
amo.S            PASS                   retires=295 spec-checked=273
amominmax.S      PASS                   retires=514 spec-checked=473
amoregion.S      MONITOR-ERROR 130      retires=28 spec-checked=25
amotrap.S        MONITOR-ERROR 130      retires=14 spec-checked=13
and.S            PASS                   retires=449 spec-checked=449
andi.S           PASS                   retires=162 spec-checked=162
auipc.S          PASS                   retires=26 spec-checked=26
beq.S            PASS                   retires=255 spec-checked=255
bge.S            PASS                   retires=273 spec-checked=273
bgeu.S           PASS                   retires=298 spec-checked=298
blt.S            PASS                   retires=255 spec-checked=255
bltu.S           PASS                   retires=280 spec-checked=280
bne.S            PASS                   retires=255 spec-checked=255
cebreak.S        MONITOR-ERROR 130      retires=7 spec-checked=6
contend.S        PASS                   retires=113 spec-checked=113
csr.S            PASS                   retires=114 spec-checked=86
csrset.S         MONITOR-ERROR 130      retires=40 spec-checked=35
div.S            PASS                   retires=60 spec-checked=60
divu.S           PASS                   retires=61 spec-checked=61
fencenop.S       PASS                   retires=40 spec-checked=35
hazard.S         PASS                   retires=49 spec-checked=49
hpm.S            MONITOR-ERROR monitor  retires=91 spec-checked=72
ifault.S         MONITOR-ERROR 130      retires=9 spec-checked=8
jal.S            PASS                   retires=19 spec-checked=19
jalr.S           PASS                   retires=73 spec-checked=73
lb.S             PASS                   retires=209 spec-checked=209
lbu.S            PASS                   retires=209 spec-checked=209
lh.S             PASS                   retires=221 spec-checked=221
lhu.S            PASS                   retires=228 spec-checked=228
loadfault.S      MONITOR-ERROR 130      retires=19 spec-checked=18
lrsc.S           PASS                   retires=316 spec-checked=284
lrsclock.S       MONITOR-ERROR monitor  retires=33 spec-checked=29
lui.S            PASS                   retires=29 spec-checked=29
lw.S             PASS                   retires=231 spec-checked=231
minstret.S       PASS                   retires=42 spec-checked=31
mtimer.S         MONITOR-ERROR error    retires=55 spec-checked=50
mtimermask.S     MONITOR-ERROR error    retires=58 spec-checked=53
mul.S            PASS                   retires=423 spec-checked=423
mulh.S           PASS                   retires=423 spec-checked=423
mulhsu.S         PASS                   retires=423 spec-checked=423
mulhu.S          PASS                   retires=423 spec-checked=423
or.S             PASS                   retires=452 spec-checked=452
ori.S            PASS                   retires=169 spec-checked=169
rem.S            PASS                   retires=60 spec-checked=60
remu.S           PASS                   retires=60 spec-checked=60
rvc.S            MONITOR-ERROR 132      retires=51 spec-checked=51
sb.S             MONITOR-ERROR monitor  retires=291 spec-checked=291
selfmod.S        PASS                   retires=47 spec-checked=44
sh.S             PASS                   retires=447 spec-checked=447
simple.S         PASS                   retires=5 spec-checked=5
sll.S            MONITOR-ERROR 132      retires=111 spec-checked=111
slli.S           PASS                   retires=205 spec-checked=205
slt.S            PASS                   retires=423 spec-checked=423
slti.S           PASS                   retires=201 spec-checked=201
sltiu.S          PASS                   retires=201 spec-checked=201
sltu.S           PASS                   retires=423 spec-checked=423
spiflash.S       MONITOR-ERROR monitor  retires=196 spec-checked=195
spioverlay.S     PASS                   retires=786 spec-checked=782
sra.S            MONITOR-ERROR 132      retires=122 spec-checked=122
srai.S           PASS                   retires=220 spec-checked=220
srl.S            MONITOR-ERROR 132      retires=116 spec-checked=116
srli.S           PASS                   retires=214 spec-checked=214
storefault.S     MONITOR-ERROR 130      retires=25 spec-checked=24
straddle.S       PASS                   retires=18 spec-checked=18
sub.S            PASS                   retires=421 spec-checked=421
sw.S             PASS                   retires=454 spec-checked=454
textload.S       MONITOR-ERROR 130      retires=7 spec-checked=6
trap.S           MONITOR-ERROR 130      retires=10 spec-checked=9
uart.S           MONITOR-ERROR 130      retires=799 spec-checked=798
xor.S            PASS                   retires=451 spec-checked=451
xori.S           PASS                   retires=171 spec-checked=171
zicsr.S          MONITOR-ERROR 130      retires=7 spec-checked=6
datainit.c       PASS                   retires=410 spec-checked=409

54/75 passed

Failure list does NOT match test/EXPECTED_FAIL:
1c1,21
< 
---
> amoregion.S MONITOR-ERROR 130
> amotrap.S MONITOR-ERROR 130
> cebreak.S MONITOR-ERROR 130
> csrset.S MONITOR-ERROR 130
> hpm.S MONITOR-ERROR monitor
> ifault.S MONITOR-ERROR 130
> loadfault.S MONITOR-ERROR 130
> lrsclock.S MONITOR-ERROR monitor
> mtimer.S MONITOR-ERROR error
> mtimermask.S MONITOR-ERROR error
> rvc.S MONITOR-ERROR 132
> sb.S MONITOR-ERROR monitor
> sll.S MONITOR-ERROR 132
> spiflash.S MONITOR-ERROR monitor
> sra.S MONITOR-ERROR 132
> srl.S MONITOR-ERROR 132
> storefault.S MONITOR-ERROR 130
> textload.S MONITOR-ERROR 130
> trap.S MONITOR-ERROR 130
> uart.S MONITOR-ERROR 130
> zicsr.S MONITOR-ERROR 130
