Suite shape matches test/OBSERVED_FLOOR: 75 programs.
uart.S: 1143 retires, floor is 1336 (test/OBSERVED_FLOOR)
add.S            PASS                   retires=429 spec-checked=429
addi.S           PASS                   retires=206 spec-checked=206
amo.S            PASS                   retires=295 spec-checked=273
amominmax.S      PASS                   retires=514 spec-checked=473
amoregion.S      PASS                   retires=673 spec-checked=566
amotrap.S        PASS                   retires=710 spec-checked=612
and.S            PASS                   retires=449 spec-checked=449
andi.S           PASS                   retires=162 spec-checked=162
auipc.S          PASS                   retires=26 spec-checked=26
beq.S            PASS                   retires=255 spec-checked=255
bge.S            PASS                   retires=273 spec-checked=273
bgeu.S           PASS                   retires=298 spec-checked=298
blt.S            PASS                   retires=255 spec-checked=255
bltu.S           PASS                   retires=280 spec-checked=280
bne.S            PASS                   retires=255 spec-checked=255
cebreak.S        PASS                   retires=177 spec-checked=150
contend.S        PASS                   retires=113 spec-checked=113
csr.S            PASS                   retires=114 spec-checked=86
csrset.S         PASS                   retires=76 spec-checked=65
div.S            PASS                   retires=60 spec-checked=60
divu.S           PASS                   retires=61 spec-checked=61
fencenop.S       PASS                   retires=40 spec-checked=35
hazard.S         PASS                   retires=49 spec-checked=49
hpm.S            PASS                   retires=127 spec-checked=102
ifault.S         PASS                   retires=66 spec-checked=60
jal.S            PASS                   retires=19 spec-checked=19
jalr.S           PASS                   retires=73 spec-checked=73
lb.S             PASS                   retires=209 spec-checked=209
lbu.S            PASS                   retires=209 spec-checked=209
lh.S             PASS                   retires=221 spec-checked=221
lhu.S            PASS                   retires=228 spec-checked=228
loadfault.S      PASS                   retires=465 spec-checked=409
lrsc.S           PASS                   retires=316 spec-checked=284
lrsclock.S       PASS                   retires=156 spec-checked=141
lui.S            PASS                   retires=29 spec-checked=29
lw.S             PASS                   retires=231 spec-checked=231
minstret.S       PASS                   retires=42 spec-checked=31
mtimer.S         PASS                   retires=1104 spec-checked=1075
mtimermask.S     PASS                   retires=297 spec-checked=264
mul.S            PASS                   retires=423 spec-checked=423
mulh.S           PASS                   retires=423 spec-checked=423
mulhsu.S         PASS                   retires=423 spec-checked=423
mulhu.S          PASS                   retires=423 spec-checked=423
or.S             PASS                   retires=452 spec-checked=452
ori.S            PASS                   retires=169 spec-checked=169
rem.S            PASS                   retires=60 spec-checked=60
remu.S           PASS                   retires=60 spec-checked=60
rvc.S            PASS                   retires=184 spec-checked=184
sb.S             PASS                   retires=394 spec-checked=394
selfmod.S        PASS                   retires=47 spec-checked=44
sh.S             PASS                   retires=447 spec-checked=447
simple.S         PASS                   retires=5 spec-checked=5
sll.S            PASS                   retires=457 spec-checked=457
slli.S           PASS                   retires=205 spec-checked=205
slt.S            PASS                   retires=423 spec-checked=423
slti.S           PASS                   retires=201 spec-checked=201
sltiu.S          PASS                   retires=201 spec-checked=201
sltu.S           PASS                   retires=423 spec-checked=423
spiflash.S       PASS                   retires=242 spec-checked=236
spioverlay.S     PASS                   retires=786 spec-checked=782
sra.S            PASS                   retires=476 spec-checked=476
srai.S           PASS                   retires=220 spec-checked=220
srl.S            PASS                   retires=470 spec-checked=470
srli.S           PASS                   retires=214 spec-checked=214
storefault.S     PASS                   retires=378 spec-checked=332
straddle.S       PASS                   retires=18 spec-checked=18
sub.S            PASS                   retires=421 spec-checked=421
sw.S             PASS                   retires=454 spec-checked=454
textload.S       PASS                   retires=197 spec-checked=177
trap.S           PASS                   retires=392 spec-checked=337
uart.S           BELOW-FLOOR retires    retires=1143 spec-checked=1137
xor.S            PASS                   retires=451 spec-checked=451
xori.S           PASS                   retires=171 spec-checked=171
zicsr.S          PASS                   retires=241 spec-checked=197
datainit.c       PASS                   retires=410 spec-checked=409

74/75 passed

Failure list does NOT match test/EXPECTED_FAIL:
1c1
< 
---
> uart.S BELOW-FLOOR retires
